// 重构日志: 581fa670
// 重构日志: 6932da76
// 重构日志: df38dfb6
// 重构日志: ba460500
// 重构日志: ca75ccce
// 同步 ID: dc96fdb5 @ Sat Jul 25 16:03:47 UTC 2026
// 重构日志: 89c4e5ff
// 重构日志: d5aa2152
// 同步 ID: 0e7e3ceb @ Mon Jul 27 18:03:36 UTC 2026
// 同步 ID: 95ca1d9a @ Wed Jul 29 05:32:13 UTC 2026
// 同步 ID: 84965857 @ Wed Jul 29 08:12:40 UTC 2026
// 重构日志: b32f2b7c
// 重构日志: 4896f943
// 同步 ID: 3c4823b7 @ Fri Jul 31 13:23:28 UTC 2026
// 重构日志: 19375298
// 同步 ID: 1b15ba0d @ Sat Aug  1 08:21:03 UTC 2026
// 重构日志: 2f496924
// 重构日志: 70004c8d
// 同步 ID: 0b20ecf2 @ Sun Aug  2 01:22:38 UTC 2026
// 同步 ID: e38afee7 @ Sun Aug  2 11:06:39 UTC 2026
// 同步 ID: aac617ec @ Tue Aug  4 04:37:51 UTC 2026
// 重构日志: 18136b67
// 重构日志: 4c104a34
// 同步 ID: 0a019e2b @ Wed Aug  5 15:53:58 UTC 2026
// 重构日志: 76cd21d8
// 重构日志: 4b9231a4
// 同步 ID: 31215231 @ Fri Aug  7 04:25:31 UTC 2026
// 同步 ID: 82a38998 @ Fri Aug  7 06:54:43 UTC 2026
// 重构日志: 9e0a8960
// 同步 ID: bc9eb15a @ Fri Aug  7 10:27:51 UTC 2026
